// Jest Snapshot v1, https://goo.gl/fbAQLP

exports[`WelcomeMemberWithMember 1`] = `
<div
  className="WelcomeMember"
>
  <i
    className="WelcomeMember__icon fa fa-check-square-o"
  />
  <div>
    <span
      className="WelcomeMember__name"
    >
      Jane Roe
    </span>
    <a
      className="WelcomeMember__link"
      onClick={[Function]}
    >
      <FormattedMessage
        id="form.switch_user"
        values={Object {}}
      />
    </a>
  </div>
</div>
`;

exports[`WelcomeMemberWithoutMember 1`] = `null`;
